66740
91142
1800
1551152
1467373
796343
2488
874761
4977
1090872
2969
1559720
1086222
915913
1035443
1097149
1579241
352541
899051
1652044
1652044
764180
1018724
1748790
1002910
4904
4962
5272
1053507
1410636
820027
1037868
318154
820313
6281
315293
1841666
1858681
320193
6951
1751008
1521332
947484
7084
1176948
1596532
354190
1267238
732717
731802
769397
8670
866787
915912
8818
1069183
1701605
9389
70858
10456
10795
1067983
764478
842023
875045
2012383
1393818
1512673
1390777
12927
1075531
885725
14272
1730168
1383312
79282
1316835
1996862
1037540
813672
906345
927628
721371
815097
1783180
1690820
726958
18230
1374310
1138118
1402057
1140859
1071739
1130310
1324404
1100682
316709
1091667
93410
1058090
896159
313927
936395
1739940
20286
723254
858877
831001
759944
21076
1156375
811156
21344
1058290
820318
1679788
21665
1166691
1035983
1163165
1047862
16918
1868275
711404
24741
1175454
1755672
1057352
909832
849395
1535527
1051470
277948
26172
64803
313616
940944
1561550
927066
14693
910521
1043277
315189
900075
927066
1571996
910521
315189
1571996
27904
1090012
1090012
1093557
1093557
1539838
1539838
1297996
1297996
29534
29534
935703
935703
715957
715957
1286681
1286681
1792789
1792789
29905
29905
1751788
1751788
882184
882184
936340
936340
1326160
1326160
1666700
1666700
1551182
1551182
1065088
1065088
1415404
1415404
31462
31462
827052
827052
1099800
1099800
712515
712515
1156039
1156039
105634
105634
32604
32604
65984
65984
821189
821189
33213
33213
33185
33185
1101239
1101239
906107
906107
922621
922621
920522
920522
1001250
1001250
1095073
1095073
1711269
1711269
72741
72741
1109357
1109357
895126
895126
1324424
1324424
746515
746515
1289490
34088
34088
1048695
1048695
1013237
1013237
814547
814547
815556
815556
34903
1048911
1048911
2082247
2082247
1136893
1136893
35527
35527
1274494
1274494
1031296
1031296
798354
798354
866374
866374
37996
37996
1262039
1262039
1659166
1659166
1754301
1754301
1754301
1754301
38777
38777
831259
831259
1121788
1121788
749251
40545
40545
1932393
1932393
1996810
1996810
849399
849399
1474735
40533
40533
40704
40704
1467858
40987
40987
882095
882095
1123360
1123360
320335
320335
1609711
1609711
886982
45012
45012
874766
874766
46080
46080
860730
765880
765880
1000228
1000228
47111
47111
1645590
1645590
1585689
1585689
354950
354950
2089271
2089271
773840
773840
48465
48465
1070750
1070750
4281
4281
47217
47217
48898
48898
49071
49071
49196
49196
1501585
1501585
51143
51143
832101
832101
874716
874716
49826
49826
879169
879169
1699150
1699150
1145197
1145197
50863
50863
1381197
1381197
1571949
1571949
51253
51253
51434
51434
896878
896878
1035267
1035267
914208
914208
1687229
1687229
1478242
1020569
1020569
728535
898293
898293
779152
779152
52988
200406
200406
833444
833444
19617
19617
1944048
1944048
1418135
91576
91576
1601046
1601046
55785
55785
879101
879101
1506307
1506307
1404912
1404912
319201
319201
1637459
1637459
56873
56873
202058
202058
920148
920148
707549
707549
1300514
1336920
1336920
920760
1069202
1069202
59478
59478
1707925
1707925
1335258
1335258
936468
936468
60086
60086
60667
60667
1397187
1397187
1633978
1633978
1489393
1489393
36270
36270
1510295
1510295
1048286
1048286
62709
62709
916076
916076
1835632
1835632
62996
62996
1141391
1141391
63754
63754
63908
63908
927653
927653
1613103
1613103
310158
1326801
1326801
1099219
1099219
1037646
1037646
789570
789570
827054
827054
723125
723125
789019
789019
912595
912595
1682852
1682852
24545
1103982
1280452
1103982
1280452
865752
865752
1059556
1059556
895421
895421
1285785
1285785
68505
68505
1408198
1408198
1120193
1120193
1002047
1002047
1065280
1164727
1164727
1564708
1564708
1564708
1564708
753308
753308
320187
320187
1111711
1111711
72331
72331
702165
702165
73124
73124
1133421
1133421
1513761
1513761
1013871
1013871
73309
73309
1045810
1045810
906163
906163
1413447
1413447
898173
898173
797468
797468
878927
878927
29989
29989
1097864
1097864
1039684
1039684
1341439
1781335
1781335
75362
75362
75677
75677
1321655
1321655
1327567
1327567
2041610
2041610
76334
723531
723531
1633917
1633917
77360
77360
77476
77476
78003
78003
1004980
1004980
1413329
1413329
1534701
764622
764622
713676
713676
79879
79879
922224
922224
1126328
1126328
80424
80424
80661
80661
1045609
1045609
1137774
1137774
788784
788784
857005
1393311
822416
822416
1050915
1050915
804328
804328
1022079
1022079
2058873
2058873
1037038
1037038
720005
720005
101829
101829
726728
726728
910606
910606
872589
872589
1281761
1281761
1060391
1060391
943819
943819
31791
31791
1783879
1783879
1024478
1024478
84839
84839
882835
882835
745732
745732
884887
884887
64040
64040
1108524
1108524
2023554
2023554
1034054
1034054
87347
87347
1137789
1137789
1032208
1032208
1373715
1373715
89800
89800
1063761
4127
4127
91419
91419
2005951
2005951
91440
91440
1964738
1964738
92122
92122
92380
93556
93556
829224
829224
93751
93751
1022671
1022671
1757898
1757898
310764
310764
1375365
1375365
1601712
1601712
883241
883241
96021
96021
1283699
1283699
1113169
1113169
946581
946581
1116132
1116132
1389170
1389170
27419
27419
1385157
1385157
1094285
1094285
97210
97210
1318605
1318605
97476
1811074
1811074
217346
217346
97745
97745
109198
109198
1973266
1973266
1671933
1671933
916365
916365
1466258
1466258
1260221
1260221
86312
86312
864749
864749
92230
92230
860731
860731
100493
100493
36104
36104
1543151
1543151
74208
74208
1403568
1403568
100885
100885
100517
100517
1090727
1090727
1067701
1067701
731766
352915
1393052
1393052
740260
740260
1967680
1967680
1014473
1442145
1442145
732712
732712
875320
875320
1674101
1674101
1792044
1792044
1705696
1705696
1403161
1403161
1692819
1692819
1396009
1396009
11544
11544
277135
277135
943452
943452
104169
104169
1744489
1744489
1437107
1437107
823768
823768
1000697
1000697
783325
783325
72971
72971
766704
766704
105770
105770
106040
106040
106535
719955
719955
107263
107263
1140536
1140536
1327811
1327811
1174922
1174922
72903
72903
1524472
1524472
1041061
1041061
877212
877212
1136869
1136869
1555280
1555280
